{smcl}
{com}{sf}{ul off}{txt}{.-}
      name:  {res}<unnamed>
       {txt}log:  {res}C:\Users\Aakash\OneDrive\Desktop\Stata Lab record 2025\Task_4.smcl
  {txt}log type:  {res}smcl
 {txt}opened on:  {res} 9 Sep 2025, 10:30:47

{com}. use "C:\Users\Aakash\OneDrive\Desktop\Stata Lab record 2025\DS0002\36151-0002-Data.dta"
{txt}(India Human Development Survey-II (IHDS-II), 2011-12, Household)

{com}. rename (HQWALL ASSETS INCOME ID14) (house_type hh_asset hh_income hh_main_occupation)
{res}
{com}. tab  hh_main_occupation

{txt}HQ3 1.14 Main income {c |}
              source {c |}      Freq.     Percent        Cum.
{hline 21}{c +}{hline 35}
       Cultivation 1 {c |}{res}     10,287       24.41       24.41
{txt}         Allied ag 2 {c |}{res}        401        0.95       25.37
{txt}    Ag wage labour 3 {c |}{res}      4,242       10.07       35.43
{txt}Non ag wage labour 4 {c |}{res}      9,497       22.54       57.97
{txt}    Artisan/Indept 5 {c |}{res}        684        1.62       59.60
{txt}        Petty shop 6 {c |}{res}      4,688       11.13       70.72
{txt}Organized Business 7 {c |}{res}        571        1.36       72.08
{txt}          Salaried 8 {c |}{res}      8,153       19.35       91.43
{txt}        Profession 9 {c |}{res}        245        0.58       92.01
{txt}Pension/Rent etc. 10 {c |}{res}      2,159        5.12       97.13
{txt}           Others 11 {c |}{res}      1,209        2.87      100.00
{txt}{hline 21}{c +}{hline 35}
               Total {c |}{res}     42,136      100.00

{com}. tab house_type

  {txt}EQ35 23.4 {c |}
      Wall: {c |}
     brick, {c |}
     metal, {c |}
     stone, {c |}
   concrete {c |}      Freq.     Percent        Cum.
{hline 12}{c +}{hline 35}
   kutcha 0 {c |}{res}     12,028       28.91       28.91
{txt}    pucca 1 {c |}{res}     29,571       71.09      100.00
{txt}{hline 12}{c +}{hline 35}
      Total {c |}{res}     41,599      100.00

{com}. tab  hh_main_occupation

{txt}HQ3 1.14 Main income {c |}
              source {c |}      Freq.     Percent        Cum.
{hline 21}{c +}{hline 35}
       Cultivation 1 {c |}{res}     10,287       24.41       24.41
{txt}         Allied ag 2 {c |}{res}        401        0.95       25.37
{txt}    Ag wage labour 3 {c |}{res}      4,242       10.07       35.43
{txt}Non ag wage labour 4 {c |}{res}      9,497       22.54       57.97
{txt}    Artisan/Indept 5 {c |}{res}        684        1.62       59.60
{txt}        Petty shop 6 {c |}{res}      4,688       11.13       70.72
{txt}Organized Business 7 {c |}{res}        571        1.36       72.08
{txt}          Salaried 8 {c |}{res}      8,153       19.35       91.43
{txt}        Profession 9 {c |}{res}        245        0.58       92.01
{txt}Pension/Rent etc. 10 {c |}{res}      2,159        5.12       97.13
{txt}           Others 11 {c |}{res}      1,209        2.87      100.00
{txt}{hline 21}{c +}{hline 35}
               Total {c |}{res}     42,136      100.00

{com}. gen ln_hh_income=ln(hh_income)
{txt}(618 missing values generated)

{com}. su ln_hh_income hh_asset

{txt}    Variable {c |}        Obs        Mean    Std. dev.       Min        Max
{hline 13}{c +}{hline 57}
ln_hh_income {c |}{res}     41,534    11.22534    1.061065    4.60517   16.24561
{txt}{space 4}hh_asset {c |}{res}     42,129    15.43573    6.639713          0         33

{com}. logit house_type ln_hh_income i.hh_main_occupation

{res}{txt}Iteration 0:{space 3}log likelihood = {res:-24631.218}  
Iteration 1:{space 3}log likelihood = {res:-21983.813}  
Iteration 2:{space 3}log likelihood = {res:-21886.732}  
Iteration 3:{space 3}log likelihood = {res:-21886.445}  
Iteration 4:{space 3}log likelihood = {res:-21886.445}  
{res}
{txt}Logistic regression{col 56}{lalign 13:Number of obs}{col 69} = {res}{ralign 7:40,991}
{txt}{col 56}{lalign 13:LR chi2({res:11})}{col 69} = {res}{ralign 7:5489.55}
{txt}{col 56}{lalign 13:Prob > chi2}{col 69} = {res}{ralign 7:0.0000}
{txt}Log likelihood = {res:-21886.445}{col 56}{lalign 13:Pseudo R2}{col 69} = {res}{ralign 7:0.1114}

{txt}{hline 13}{c TT}{hline 11}{hline 11}{hline 9}{hline 8}{hline 13}{hline 12}
{col 1}  house_type{col 14}{c |} Coefficient{col 26}  Std. err.{col 38}      z{col 46}   P>|z|{col 54}     [95% con{col 67}f. interval]
{hline 13}{c +}{hline 11}{hline 11}{hline 9}{hline 8}{hline 13}{hline 12}
ln_hh_income {c |}{col 14}{res}{space 2} .5524668{col 26}{space 2}  .012603{col 37}{space 1}   43.84{col 46}{space 3}0.000{col 54}{space 4} .5277653{col 67}{space 3} .5771683
{txt}{space 12} {c |}
hh_main_oc~n {c |}
Allied ag 2  {c |}{col 14}{res}{space 2} .3820611{col 26}{space 2} .1211438{col 37}{space 1}    3.15{col 46}{space 3}0.002{col 54}{space 4} .1446237{col 67}{space 3} .6194986
{txt}Ag wage l..  {c |}{col 14}{res}{space 2}-.2783216{col 26}{space 2} .0384385{col 37}{space 1}   -7.24{col 46}{space 3}0.000{col 54}{space 4}-.3536596{col 67}{space 3}-.2029835
{txt}Non ag wa..  {c |}{col 14}{res}{space 2} .0608955{col 26}{space 2} .0307785{col 37}{space 1}    1.98{col 46}{space 3}0.048{col 54}{space 4} .0005707{col 67}{space 3} .1212202
{txt}Artisan/I..  {c |}{col 14}{res}{space 2} .4694335{col 26}{space 2} .0934686{col 37}{space 1}    5.02{col 46}{space 3}0.000{col 54}{space 4} .2862384{col 67}{space 3} .6526285
{txt}Petty sho..  {c |}{col 14}{res}{space 2} 1.060909{col 26}{space 2}  .047018{col 37}{space 1}   22.56{col 46}{space 3}0.000{col 54}{space 4} .9687556{col 67}{space 3} 1.153063
{txt}Organized..  {c |}{col 14}{res}{space 2} 1.185478{col 26}{space 2} .1457813{col 37}{space 1}    8.13{col 46}{space 3}0.000{col 54}{space 4} .8997517{col 67}{space 3} 1.471204
{txt}{space 1}Salaried 8  {c |}{col 14}{res}{space 2} 1.033545{col 26}{space 2} .0413962{col 37}{space 1}   24.97{col 46}{space 3}0.000{col 54}{space 4} .9524098{col 67}{space 3}  1.11468
{txt}Professio..  {c |}{col 14}{res}{space 2} 1.243373{col 26}{space 2} .1991043{col 37}{space 1}    6.24{col 46}{space 3}0.000{col 54}{space 4} .8531356{col 67}{space 3}  1.63361
{txt}Pension/R..  {c |}{col 14}{res}{space 2} 1.182784{col 26}{space 2} .0674361{col 37}{space 1}   17.54{col 46}{space 3}0.000{col 54}{space 4} 1.050611{col 67}{space 3} 1.314956
{txt}{space 2}Others 11  {c |}{col 14}{res}{space 2} .9921556{col 26}{space 2} .0780102{col 37}{space 1}   12.72{col 46}{space 3}0.000{col 54}{space 4} .8392584{col 67}{space 3} 1.145053
{txt}{space 12} {c |}
{space 7}_cons {c |}{col 14}{res}{space 2}-5.566361{col 26}{space 2}  .138754{col 37}{space 1}  -40.12{col 46}{space 3}0.000{col 54}{space 4}-5.838314{col 67}{space 3}-5.294408
{txt}{hline 13}{c BT}{hline 11}{hline 11}{hline 9}{hline 8}{hline 13}{hline 12}

{com}. margins hh_main_occupation
{res}
{txt}Predictive margins{col 57}{lalign 13:Number of obs}{col 70} = {res}{ralign 6:40,991}
{txt}{col 1}Model VCE: {res:OIM}

{txt}{p2colset 1 13 13 2}{...}
{p2col:Expression:}{res:Pr(house_type), predict()}{p_end}
{p2colreset}{...}

{res}{txt}{hline 13}{c TT}{hline 11}{hline 11}{hline 9}{hline 8}{hline 13}{hline 12}
{col 14}{c |}{col 26} Delta-method
{col 14}{c |}     Margin{col 26}   std. err.{col 38}      z{col 46}   P>|z|{col 54}     [95% con{col 67}f. interval]
{hline 13}{c +}{hline 11}{hline 11}{hline 9}{hline 8}{hline 13}{hline 12}
hh_main_oc~n {c |}
Cultivati..  {c |}{col 14}{res}{space 2} .6444217{col 26}{space 2} .0046493{col 37}{space 1}  138.61{col 46}{space 3}0.000{col 54}{space 4} .6353093{col 67}{space 3} .6535342
{txt}Allied ag 2  {c |}{col 14}{res}{space 2} .7213935{col 26}{space 2} .0224366{col 37}{space 1}   32.15{col 46}{space 3}0.000{col 54}{space 4} .6774186{col 67}{space 3} .7653683
{txt}Ag wage l..  {c |}{col 14}{res}{space 2} .5831229{col 26}{space 2} .0072623{col 37}{space 1}   80.29{col 46}{space 3}0.000{col 54}{space 4}  .568889{col 67}{space 3} .5973568
{txt}Non ag wa..  {c |}{col 14}{res}{space 2} .6573169{col 26}{space 2} .0046197{col 37}{space 1}  142.29{col 46}{space 3}0.000{col 54}{space 4} .6482625{col 67}{space 3} .6663713
{txt}Artisan/I..  {c |}{col 14}{res}{space 2} .7375455{col 26}{space 2} .0165026{col 37}{space 1}   44.69{col 46}{space 3}0.000{col 54}{space 4} .7052011{col 67}{space 3} .7698899
{txt}Petty sho..  {c |}{col 14}{res}{space 2} .8307424{col 26}{space 2} .0055695{col 37}{space 1}  149.16{col 46}{space 3}0.000{col 54}{space 4} .8198264{col 67}{space 3} .8416585
{txt}Organized..  {c |}{col 14}{res}{space 2} .8467312{col 26}{space 2}  .017794{col 37}{space 1}   47.59{col 46}{space 3}0.000{col 54}{space 4} .8118556{col 67}{space 3} .8816069
{txt}{space 1}Salaried 8  {c |}{col 14}{res}{space 2} .8270631{col 26}{space 2} .0047876{col 37}{space 1}  172.75{col 46}{space 3}0.000{col 54}{space 4} .8176795{col 67}{space 3} .8364467
{txt}Professio..  {c |}{col 14}{res}{space 2} .8537442{col 26}{space 2} .0235294{col 37}{space 1}   36.28{col 46}{space 3}0.000{col 54}{space 4} .8076273{col 67}{space 3}  .899861
{txt}Pension/R..  {c |}{col 14}{res}{space 2} .8463985{col 26}{space 2} .0078954{col 37}{space 1}  107.20{col 46}{space 3}0.000{col 54}{space 4} .8309238{col 67}{space 3} .8618732
{txt}{space 2}Others 11  {c |}{col 14}{res}{space 2} .8213823{col 26}{space 2} .0104158{col 37}{space 1}   78.86{col 46}{space 3}0.000{col 54}{space 4} .8009678{col 67}{space 3} .8417968
{txt}{hline 13}{c BT}{hline 11}{hline 11}{hline 9}{hline 8}{hline 13}{hline 12}
{res}
{com}. marginsplot, xlabel(, angle(90))
{res}
{text}{p 0 0 2}Variables that uniquely identify margins: {bf:hh_main_occupation}{p_end}
{res}
{com}. marginsplot
{res}
{text}{p 0 0 2}Variables that uniquely identify margins: {bf:hh_main_occupation}{p_end}
{res}
{com}. marginsplot, xlabel(, angle(40))
{res}
{text}{p 0 0 2}Variables that uniquely identify margins: {bf:hh_main_occupation}{p_end}
{res}
{com}. margins hh_main_occup, atmean
{res}
{txt}Adjusted predictions{col 57}{lalign 13:Number of obs}{col 70} = {res}{ralign 6:40,991}
{txt}{col 1}Model VCE: {res:OIM}

{txt}{p2colset 1 13 13 2}{...}
{p2col:Expression:}{res:Pr(house_type), predict()}{p_end}
{p2colreset}{...}
{lalign 4:At: }{space 0}{lalign 21:ln_hh_income} = {res:{ralign 8:11.22673}} {txt:(mean)}
{lalign 4:}{space 0}{lalign 21:1.hh_main_occupation} = {res:{ralign 8:.2398087}} {txt:(mean)}
{lalign 4:}{space 0}{lalign 21:2.hh_main_occupation} = {res:{ralign 8:.0088312}} {txt:(mean)}
{lalign 4:}{space 0}{lalign 21:3.hh_main_occupation} = {res:{ralign 8:.1013149}} {txt:(mean)}
{lalign 4:}{space 0}{lalign 21:4.hh_main_occupation} = {res:{ralign 8:.2281232}} {txt:(mean)}
{lalign 4:}{space 0}{lalign 21:5.hh_main_occupation} = {res:{ralign 8:.0161011}} {txt:(mean)}
{lalign 4:}{space 0}{lalign 21:6.hh_main_occupation} = {res:{ralign 8:.111927}} {txt:(mean)}
{lalign 4:}{space 0}{lalign 21:7.hh_main_occupation} = {res:{ralign 8:.0134908}} {txt:(mean)}
{lalign 4:}{space 0}{lalign 21:8.hh_main_occupation} = {res:{ralign 8:.1960186}} {txt:(mean)}
{lalign 4:}{space 0}{lalign 21:9.hh_main_occupation} = {res:{ralign 8:.0057818}} {txt:(mean)}
{lalign 4:}{space 0}{lalign 21:10.hh_main_occupation} = {res:{ralign 8:.0506697}} {txt:(mean)}
{lalign 4:}{space 0}{lalign 21:11.hh_main_occupation} = {res:{ralign 8:.027933}} {txt:(mean)}

{res}{txt}{hline 13}{c TT}{hline 11}{hline 11}{hline 9}{hline 8}{hline 13}{hline 12}
{col 14}{c |}{col 26} Delta-method
{col 14}{c |}     Margin{col 26}   std. err.{col 38}      z{col 46}   P>|z|{col 54}     [95% con{col 67}f. interval]
{hline 13}{c +}{hline 11}{hline 11}{hline 9}{hline 8}{hline 13}{hline 12}
hh_main_oc~n {c |}
Cultivati..  {c |}{col 14}{res}{space 2} .6538565{col 26}{space 2} .0049914{col 37}{space 1}  131.00{col 46}{space 3}0.000{col 54}{space 4} .6440735{col 67}{space 3} .6636394
{txt}Allied ag 2  {c |}{col 14}{res}{space 2} .7346015{col 26}{space 2} .0232622{col 37}{space 1}   31.58{col 46}{space 3}0.000{col 54}{space 4} .6890085{col 67}{space 3} .7801945
{txt}Ag wage l..  {c |}{col 14}{res}{space 2} .5884867{col 26}{space 2} .0078165{col 37}{space 1}   75.29{col 46}{space 3}0.000{col 54}{space 4} .5731666{col 67}{space 3} .6038067
{txt}Non ag wa..  {c |}{col 14}{res}{space 2} .6675067{col 26}{space 2} .0049361{col 37}{space 1}  135.23{col 46}{space 3}0.000{col 54}{space 4} .6578321{col 67}{space 3} .6771814
{txt}Artisan/I..  {c |}{col 14}{res}{space 2} .7512832{col 26}{space 2} .0169969{col 37}{space 1}   44.20{col 46}{space 3}0.000{col 54}{space 4} .7179699{col 67}{space 3} .7845965
{txt}Petty sho..  {c |}{col 14}{res}{space 2} .8451351{col 26}{space 2} .0054567{col 37}{space 1}  154.88{col 46}{space 3}0.000{col 54}{space 4} .8344402{col 67}{space 3} .8558301
{txt}Organized..  {c |}{col 14}{res}{space 2} .8607475{col 26}{space 2} .0172529{col 37}{space 1}   49.89{col 46}{space 3}0.000{col 54}{space 4} .8269324{col 67}{space 3} .8945625
{txt}{space 1}Salaried 8  {c |}{col 14}{res}{space 2} .8415197{col 26}{space 2} .0046014{col 37}{space 1}  182.88{col 46}{space 3}0.000{col 54}{space 4} .8325011{col 67}{space 3} .8505384
{txt}Professio..  {c |}{col 14}{res}{space 2}  .867543{col 26}{space 2} .0227458{col 37}{space 1}   38.14{col 46}{space 3}0.000{col 54}{space 4}  .822962{col 67}{space 3} .9121241
{txt}Pension/R..  {c |}{col 14}{res}{space 2} .8604243{col 26}{space 2} .0077053{col 37}{space 1}  111.67{col 46}{space 3}0.000{col 54}{space 4}  .845322{col 67}{space 3} .8755265
{txt}{space 2}Others 11  {c |}{col 14}{res}{space 2} .8359215{col 26}{space 2} .0103477{col 37}{space 1}   80.78{col 46}{space 3}0.000{col 54}{space 4} .8156405{col 67}{space 3} .8562026
{txt}{hline 13}{c BT}{hline 11}{hline 11}{hline 9}{hline 8}{hline 13}{hline 12}
{res}
{com}. marginsplot, xlabel(, angle(40))
{res}
{text}{p 0 0 2}Variables that uniquely identify margins: {bf:hh_main_occupation}{p_end}
{res}
{com}. margin, at(ln_hh_income=4 (2) 17)
{bf}{err}(2){sf} invalid statistic
{txt}{search r(198), local:r(198);}

{com}. margin, at(ln_hh_income=(4 (2) 17)
{err}) required
{txt}{search r(100), local:r(100);}

{com}. margin, at(ln_hh_income=(4 (2) 17))
{res}
{txt}Predictive margins{col 57}{lalign 13:Number of obs}{col 70} = {res}{ralign 6:40,991}
{txt}{col 1}Model VCE: {res:OIM}

{txt}{p2colset 1 13 13 2}{...}
{p2col:Expression:}{res:Pr(house_type), predict()}{p_end}
{p2colreset}{...}
{lalign 7:1._at: }{space 0}{lalign 12:ln_hh_income} = {res:{ralign 2:4}}
{lalign 7:2._at: }{space 0}{lalign 12:ln_hh_income} = {res:{ralign 2:6}}
{lalign 7:3._at: }{space 0}{lalign 12:ln_hh_income} = {res:{ralign 2:8}}
{lalign 7:4._at: }{space 0}{lalign 12:ln_hh_income} = {res:{ralign 2:10}}
{lalign 7:5._at: }{space 0}{lalign 12:ln_hh_income} = {res:{ralign 2:12}}
{lalign 7:6._at: }{space 0}{lalign 12:ln_hh_income} = {res:{ralign 2:14}}
{lalign 7:7._at: }{space 0}{lalign 12:ln_hh_income} = {res:{ralign 2:16}}

{res}{txt}{hline 13}{c TT}{hline 11}{hline 11}{hline 9}{hline 8}{hline 13}{hline 12}
{col 14}{c |}{col 26} Delta-method
{col 14}{c |}     Margin{col 26}   std. err.{col 38}      z{col 46}   P>|z|{col 54}     [95% con{col 67}f. interval]
{hline 13}{c +}{hline 11}{hline 11}{hline 9}{hline 8}{hline 13}{hline 12}
{space 9}_at {c |}
{space 10}1  {c |}{col 14}{res}{space 2} .0574238{col 26}{space 2} .0048453{col 37}{space 1}   11.85{col 46}{space 3}0.000{col 54}{space 4} .0479272{col 67}{space 3} .0669204
{txt}{space 10}2  {c |}{col 14}{res}{space 2} .1517286{col 26}{space 2} .0081594{col 37}{space 1}   18.60{col 46}{space 3}0.000{col 54}{space 4} .1357364{col 67}{space 3} .1677208
{txt}{space 10}3  {c |}{col 14}{res}{space 2} .3379058{col 26}{space 2} .0085289{col 37}{space 1}   39.62{col 46}{space 3}0.000{col 54}{space 4} .3211895{col 67}{space 3} .3546221
{txt}{space 10}4  {c |}{col 14}{res}{space 2} .5885445{col 26}{space 2} .0039493{col 37}{space 1}  149.02{col 46}{space 3}0.000{col 54}{space 4}  .580804{col 67}{space 3}  .596285
{txt}{space 10}5  {c |}{col 14}{res}{space 2} .8029875{col 26}{space 2} .0026576{col 37}{space 1}  302.14{col 46}{space 3}0.000{col 54}{space 4} .7977786{col 67}{space 3} .8081963
{txt}{space 10}6  {c |}{col 14}{res}{space 2} .9227849{col 26}{space 2} .0028153{col 37}{space 1}  327.77{col 46}{space 3}0.000{col 54}{space 4}  .917267{col 67}{space 3} .9283029
{txt}{space 10}7  {c |}{col 14}{res}{space 2} .9727277{col 26}{space 2} .0017084{col 37}{space 1}  569.37{col 46}{space 3}0.000{col 54}{space 4} .9693792{col 67}{space 3} .9760761
{txt}{hline 13}{c BT}{hline 11}{hline 11}{hline 9}{hline 8}{hline 13}{hline 12}
{res}
{com}. marginsplot
{res}
{text}{p 0 0 2}Variables that uniquely identify margins: {bf:ln_hh_income}{p_end}
{res}
{com}. margin  hh_main_occup , at(ln_hh_income=(4 (2) 17))
{res}
{txt}Adjusted predictions{col 57}{lalign 13:Number of obs}{col 70} = {res}{ralign 6:40,991}
{txt}{col 1}Model VCE: {res:OIM}

{txt}{p2colset 1 13 13 2}{...}
{p2col:Expression:}{res:Pr(house_type), predict()}{p_end}
{p2colreset}{...}
{lalign 7:1._at: }{space 0}{lalign 12:ln_hh_income} = {res:{ralign 2:4}}
{lalign 7:2._at: }{space 0}{lalign 12:ln_hh_income} = {res:{ralign 2:6}}
{lalign 7:3._at: }{space 0}{lalign 12:ln_hh_income} = {res:{ralign 2:8}}
{lalign 7:4._at: }{space 0}{lalign 12:ln_hh_income} = {res:{ralign 2:10}}
{lalign 7:5._at: }{space 0}{lalign 12:ln_hh_income} = {res:{ralign 2:12}}
{lalign 7:6._at: }{space 0}{lalign 12:ln_hh_income} = {res:{ralign 2:14}}
{lalign 7:7._at: }{space 0}{lalign 12:ln_hh_income} = {res:{ralign 2:16}}

{res}{txt}{hline 13}{c TT}{hline 11}{hline 11}{hline 9}{hline 8}{hline 13}{hline 12}
{col 14}{c |}{col 26} Delta-method
{col 14}{c |}     Margin{col 26}   std. err.{col 38}      z{col 46}   P>|z|{col 54}     [95% con{col 67}f. interval]
{hline 13}{c +}{hline 11}{hline 11}{hline 9}{hline 8}{hline 13}{hline 12}
{space 9}_at#{c |}
hh_main_oc~n {c |}
{space 10}1 #{c |}
Cultivati..  {c |}{col 14}{res}{space 2} .0336831{col 26}{space 2} .0029067{col 37}{space 1}   11.59{col 46}{space 3}0.000{col 54}{space 4} .0279862{col 67}{space 3} .0393801
{txt}{space 10}1 #{c |}
Allied ag 2  {c |}{col 14}{res}{space 2} .0485944{col 26}{space 2} .0067896{col 37}{space 1}    7.16{col 46}{space 3}0.000{col 54}{space 4}  .035287{col 67}{space 3} .0619017
{txt}{space 10}1 #{c |}
Ag wage l..  {c |}{col 14}{res}{space 2} .0257103{col 26}{space 2} .0022815{col 37}{space 1}   11.27{col 46}{space 3}0.000{col 54}{space 4} .0212387{col 67}{space 3}  .030182
{txt}{space 10}1 #{c |}
Non ag wa..  {c |}{col 14}{res}{space 2} .0357225{col 26}{space 2} .0030996{col 37}{space 1}   11.52{col 46}{space 3}0.000{col 54}{space 4} .0296474{col 67}{space 3} .0417976
{txt}{space 10}1 #{c |}
Artisan/I..  {c |}{col 14}{res}{space 2} .0527969{col 26}{space 2} .0063403{col 37}{space 1}    8.33{col 46}{space 3}0.000{col 54}{space 4} .0403702{col 67}{space 3} .0652237
{txt}{space 10}1 #{c |}
Petty sho..  {c |}{col 14}{res}{space 2} .0914893{col 26}{space 2} .0082066{col 37}{space 1}   11.15{col 46}{space 3}0.000{col 54}{space 4} .0754047{col 67}{space 3} .1075739
{txt}{space 10}1 #{c |}
Organized..  {c |}{col 14}{res}{space 2} .1023836{col 26}{space 2} .0159123{col 37}{space 1}    6.43{col 46}{space 3}0.000{col 54}{space 4} .0711961{col 67}{space 3} .1335711
{txt}{space 10}1 #{c |}
{space 1}Salaried 8  {c |}{col 14}{res}{space 2} .0892401{col 26}{space 2}  .008226{col 37}{space 1}   10.85{col 46}{space 3}0.000{col 54}{space 4} .0731174{col 67}{space 3} .1053627
{txt}{space 10}1 #{c |}
Professio..  {c |}{col 14}{res}{space 2}  .107828{col 26}{space 2} .0208493{col 37}{space 1}    5.17{col 46}{space 3}0.000{col 54}{space 4} .0669641{col 67}{space 3}  .148692
{txt}{space 10}1 #{c |}
Pension/R..  {c |}{col 14}{res}{space 2} .1021363{col 26}{space 2} .0097369{col 37}{space 1}   10.49{col 46}{space 3}0.000{col 54}{space 4} .0830522{col 67}{space 3} .1212203
{txt}1#Others 11  {c |}{col 14}{res}{space 2} .0859328{col 26}{space 2} .0086343{col 37}{space 1}    9.95{col 46}{space 3}0.000{col 54}{space 4} .0690099{col 67}{space 3} .1028557
{txt}{space 10}2 #{c |}
Cultivati..  {c |}{col 14}{res}{space 2} .0952149{col 26}{space 2}  .005611{col 37}{space 1}   16.97{col 46}{space 3}0.000{col 54}{space 4} .0842176{col 67}{space 3} .1062123
{txt}{space 10}2 #{c |}
Allied ag 2  {c |}{col 14}{res}{space 2} .1335997{col 26}{space 2} .0154767{col 37}{space 1}    8.63{col 46}{space 3}0.000{col 54}{space 4} .1032658{col 67}{space 3} .1639335
{txt}{space 10}2 #{c |}
Ag wage l..  {c |}{col 14}{res}{space 2} .0737897{col 26}{space 2} .0046493{col 37}{space 1}   15.87{col 46}{space 3}0.000{col 54}{space 4} .0646772{col 67}{space 3} .0829022
{txt}{space 10}2 #{c |}
Non ag wa..  {c |}{col 14}{res}{space 2} .1005919{col 26}{space 2} .0059552{col 37}{space 1}   16.89{col 46}{space 3}0.000{col 54}{space 4}   .08892{col 67}{space 3} .1122638
{txt}{space 10}2 #{c |}
Artisan/I..  {c |}{col 14}{res}{space 2} .1440407{col 26}{space 2} .0136487{col 37}{space 1}   10.55{col 46}{space 3}0.000{col 54}{space 4} .1172898{col 67}{space 3} .1707916
{txt}{space 10}2 #{c |}
Petty sho..  {c |}{col 14}{res}{space 2} .2331425{col 26}{space 2} .0136991{col 37}{space 1}   17.02{col 46}{space 3}0.000{col 54}{space 4} .2062927{col 67}{space 3} .2599922
{txt}{space 10}2 #{c |}
Organized..  {c |}{col 14}{res}{space 2} .2561487{col 26}{space 2} .0305787{col 37}{space 1}    8.38{col 46}{space 3}0.000{col 54}{space 4} .1962157{col 67}{space 3} .3160818
{txt}{space 10}2 #{c |}
{space 1}Salaried 8  {c |}{col 14}{res}{space 2} .2282859{col 26}{space 2} .0137342{col 37}{space 1}   16.62{col 46}{space 3}0.000{col 54}{space 4} .2013673{col 67}{space 3} .2552044
{txt}{space 10}2 #{c |}
Professio..  {c |}{col 14}{res}{space 2} .2673347{col 26}{space 2} .0406886{col 37}{space 1}    6.57{col 46}{space 3}0.000{col 54}{space 4} .1875865{col 67}{space 3} .3470828
{txt}{space 10}2 #{c |}
Pension/R..  {c |}{col 14}{res}{space 2} .2556358{col 26}{space 2} .0166242{col 37}{space 1}   15.38{col 46}{space 3}0.000{col 54}{space 4} .2230529{col 67}{space 3} .2882186
{txt}2#Others 11  {c |}{col 14}{res}{space 2} .2210763{col 26}{space 2} .0160193{col 37}{space 1}   13.80{col 46}{space 3}0.000{col 54}{space 4} .1896791{col 67}{space 3} .2524736
{txt}{space 10}3 #{c |}
Cultivati..  {c |}{col 14}{res}{space 2} .2411057{col 26}{space 2} .0077195{col 37}{space 1}   31.23{col 46}{space 3}0.000{col 54}{space 4} .2259758{col 67}{space 3} .2562356
{txt}{space 10}3 #{c |}
Allied ag 2  {c |}{col 14}{res}{space 2} .3176558{col 26}{space 2} .0269498{col 37}{space 1}   11.79{col 46}{space 3}0.000{col 54}{space 4} .2648353{col 67}{space 3} .3704763
{txt}{space 10}3 #{c |}
Ag wage l..  {c |}{col 14}{res}{space 2}  .193887{col 26}{space 2} .0073816{col 37}{space 1}   26.27{col 46}{space 3}0.000{col 54}{space 4} .1794193{col 67}{space 3} .2083546
{txt}{space 10}3 #{c |}
Non ag wa..  {c |}{col 14}{res}{space 2} .2524229{col 26}{space 2} .0080923{col 37}{space 1}   31.19{col 46}{space 3}0.000{col 54}{space 4} .2365623{col 67}{space 3} .2682836
{txt}{space 10}3 #{c |}
Artisan/I..  {c |}{col 14}{res}{space 2}  .336888{col 26}{space 2} .0220092{col 37}{space 1}   15.31{col 46}{space 3}0.000{col 54}{space 4} .2937507{col 67}{space 3} .3800252
{txt}{space 10}3 #{c |}
Petty sho..  {c |}{col 14}{res}{space 2} .4785837{col 26}{space 2} .0142579{col 37}{space 1}   33.57{col 46}{space 3}0.000{col 54}{space 4} .4506388{col 67}{space 3} .5065286
{txt}{space 10}3 #{c |}
Organized..  {c |}{col 14}{res}{space 2} .5097115{col 26}{space 2} .0377379{col 37}{space 1}   13.51{col 46}{space 3}0.000{col 54}{space 4} .4357466{col 67}{space 3} .5836764
{txt}{space 10}3 #{c |}
{space 1}Salaried 8  {c |}{col 14}{res}{space 2} .4717596{col 26}{space 2} .0140585{col 37}{space 1}   33.56{col 46}{space 3}0.000{col 54}{space 4} .4442054{col 67}{space 3} .4993137
{txt}{space 10}3 #{c |}
Professio..  {c |}{col 14}{res}{space 2} .5241676{col 26}{space 2} .0502613{col 37}{space 1}   10.43{col 46}{space 3}0.000{col 54}{space 4} .4256573{col 67}{space 3}  .622678
{txt}{space 10}3 #{c |}
Pension/R..  {c |}{col 14}{res}{space 2} .5090382{col 26}{space 2} .0181292{col 37}{space 1}   28.08{col 46}{space 3}0.000{col 54}{space 4} .4735056{col 67}{space 3} .5445708
{txt}3#Others 11  {c |}{col 14}{res}{space 2} .4614588{col 26}{space 2} .0200289{col 37}{space 1}   23.04{col 46}{space 3}0.000{col 54}{space 4} .4222029{col 67}{space 3} .5007146
{txt}{space 10}4 #{c |}
Cultivati..  {c |}{col 14}{res}{space 2} .4895782{col 26}{space 2} .0060618{col 37}{space 1}   80.76{col 46}{space 3}0.000{col 54}{space 4} .4776972{col 67}{space 3} .5014592
{txt}{space 10}4 #{c |}
Allied ag 2  {c |}{col 14}{res}{space 2} .5842799{col 26}{space 2}  .029058{col 37}{space 1}   20.11{col 46}{space 3}0.000{col 54}{space 4} .5273272{col 67}{space 3} .6412325
{txt}{space 10}4 #{c |}
Ag wage l..  {c |}{col 14}{res}{space 2} .4206721{col 26}{space 2} .0080977{col 37}{space 1}   51.95{col 46}{space 3}0.000{col 54}{space 4}  .404801{col 67}{space 3} .4365432
{txt}{space 10}4 #{c |}
Non ag wa..  {c |}{col 14}{res}{space 2} .5048004{col 26}{space 2} .0062044{col 37}{space 1}   81.36{col 46}{space 3}0.000{col 54}{space 4} .4926399{col 67}{space 3} .5169608
{txt}{space 10}4 #{c |}
Artisan/I..  {c |}{col 14}{res}{space 2} .6053339{col 26}{space 2} .0219337{col 37}{space 1}   27.60{col 46}{space 3}0.000{col 54}{space 4} .5623446{col 67}{space 3} .6483232
{txt}{space 10}4 #{c |}
Petty sho..  {c |}{col 14}{res}{space 2} .7348198{col 26}{space 2} .0085578{col 37}{space 1}   85.87{col 46}{space 3}0.000{col 54}{space 4} .7180468{col 67}{space 3} .7515929
{txt}{space 10}4 #{c |}
Organized..  {c |}{col 14}{res}{space 2} .7583738{col 26}{space 2} .0266313{col 37}{space 1}   28.48{col 46}{space 3}0.000{col 54}{space 4} .7061774{col 67}{space 3} .8105702
{txt}{space 10}4 #{c |}
{space 1}Salaried 8  {c |}{col 14}{res}{space 2} .7294535{col 26}{space 2}   .00779{col 37}{space 1}   93.64{col 46}{space 3}0.000{col 54}{space 4} .7141854{col 67}{space 3} .7447215
{txt}{space 10}4 #{c |}
Professio..  {c |}{col 14}{res}{space 2} .7688234{col 26}{space 2} .0352496{col 37}{space 1}   21.81{col 46}{space 3}0.000{col 54}{space 4} .6997355{col 67}{space 3} .8379113
{txt}{space 10}4 #{c |}
Pension/R..  {c |}{col 14}{res}{space 2} .7578798{col 26}{space 2} .0118387{col 37}{space 1}   64.02{col 46}{space 3}0.000{col 54}{space 4} .7346764{col 67}{space 3} .7810832
{txt}4#Others 11  {c |}{col 14}{res}{space 2} .7212081{col 26}{space 2} .0150567{col 37}{space 1}   47.90{col 46}{space 3}0.000{col 54}{space 4} .6916975{col 67}{space 3} .7507188
{txt}{space 10}5 #{c |}
Cultivati..  {c |}{col 14}{res}{space 2} .7433093{col 26}{space 2} .0049302{col 37}{space 1}  150.77{col 46}{space 3}0.000{col 54}{space 4} .7336463{col 67}{space 3} .7529722
{txt}{space 10}5 #{c |}
Allied ag 2  {c |}{col 14}{res}{space 2} .8092743{col 26}{space 2} .0185442{col 37}{space 1}   43.64{col 46}{space 3}0.000{col 54}{space 4} .7729283{col 67}{space 3} .8456202
{txt}{space 10}5 #{c |}
Ag wage l..  {c |}{col 14}{res}{space 2} .6867392{col 26}{space 2} .0076005{col 37}{space 1}   90.35{col 46}{space 3}0.000{col 54}{space 4} .6718426{col 67}{space 3} .7016359
{txt}{space 10}5 #{c |}
Non ag wa..  {c |}{col 14}{res}{space 2}  .754755{col 26}{space 2} .0047689{col 37}{space 1}  158.27{col 46}{space 3}0.000{col 54}{space 4} .7454082{col 67}{space 3} .7641019
{txt}{space 10}5 #{c |}
Artisan/I..  {c |}{col 14}{res}{space 2} .8223972{col 26}{space 2} .0134043{col 37}{space 1}   61.35{col 46}{space 3}0.000{col 54}{space 4} .7961253{col 67}{space 3}  .848669
{txt}{space 10}5 #{c |}
Petty sho..  {c |}{col 14}{res}{space 2} .8932283{col 26}{space 2} .0041173{col 37}{space 1}  216.95{col 46}{space 3}0.000{col 54}{space 4} .8851586{col 67}{space 3}  .901298
{txt}{space 10}5 #{c |}
Organized..  {c |}{col 14}{res}{space 2} .9045399{col 26}{space 2} .0124264{col 37}{space 1}   72.79{col 46}{space 3}0.000{col 54}{space 4} .8801846{col 67}{space 3} .9288952
{txt}{space 10}5 #{c |}
{space 1}Salaried 8  {c |}{col 14}{res}{space 2} .8905903{col 26}{space 2} .0033815{col 37}{space 1}  263.37{col 46}{space 3}0.000{col 54}{space 4} .8839628{col 67}{space 3} .8972179
{txt}{space 10}5 #{c |}
Professio..  {c |}{col 14}{res}{space 2} .9094232{col 26}{space 2} .0163359{col 37}{space 1}   55.67{col 46}{space 3}0.000{col 54}{space 4} .8774054{col 67}{space 3} .9414411
{txt}{space 10}5 #{c |}
Pension/R..  {c |}{col 14}{res}{space 2}  .904307{col 26}{space 2} .0056965{col 37}{space 1}  158.75{col 46}{space 3}0.000{col 54}{space 4}  .893142{col 67}{space 3}  .915472
{txt}5#Others 11  {c |}{col 14}{res}{space 2} .8864917{col 26}{space 2} .0077882{col 37}{space 1}  113.83{col 46}{space 3}0.000{col 54}{space 4} .8712272{col 67}{space 3} .9017562
{txt}{space 10}6 #{c |}
Cultivati..  {c |}{col 14}{res}{space 2} .8973549{col 26}{space 2} .0041373{col 37}{space 1}  216.89{col 46}{space 3}0.000{col 54}{space 4} .8892459{col 67}{space 3} .9054639
{txt}{space 10}6 #{c |}
Allied ag 2  {c |}{col 14}{res}{space 2} .9275893{col 26}{space 2} .0084504{col 37}{space 1}  109.77{col 46}{space 3}0.000{col 54}{space 4} .9110269{col 67}{space 3} .9441517
{txt}{space 10}6 #{c |}
Ag wage l..  {c |}{col 14}{res}{space 2} .8687387{col 26}{space 2} .0058846{col 37}{space 1}  147.63{col 46}{space 3}0.000{col 54}{space 4} .8572051{col 67}{space 3} .8802723
{txt}{space 10}6 #{c |}
Non ag wa..  {c |}{col 14}{res}{space 2} .9028297{col 26}{space 2} .0039058{col 37}{space 1}  231.15{col 46}{space 3}0.000{col 54}{space 4} .8951744{col 67}{space 3} .9104851
{txt}{space 10}6 #{c |}
Artisan/I..  {c |}{col 14}{res}{space 2} .9332431{col 26}{space 2} .0061314{col 37}{space 1}  152.21{col 46}{space 3}0.000{col 54}{space 4} .9212256{col 67}{space 3} .9452605
{txt}{space 10}6 #{c |}
Petty sho..  {c |}{col 14}{res}{space 2} .9619142{col 26}{space 2} .0020296{col 37}{space 1}  473.93{col 46}{space 3}0.000{col 54}{space 4} .9579361{col 67}{space 3} .9658922
{txt}{space 10}6 #{c |}
Organized..  {c |}{col 14}{res}{space 2} .9662242{col 26}{space 2}  .004793{col 37}{space 1}  201.59{col 46}{space 3}0.000{col 54}{space 4} .9568301{col 67}{space 3} .9756184
{txt}{space 10}6 #{c |}
{space 1}Salaried 8  {c |}{col 14}{res}{space 2} .9608989{col 26}{space 2} .0017305{col 37}{space 1}  555.28{col 46}{space 3}0.000{col 54}{space 4} .9575073{col 67}{space 3} .9642906
{txt}{space 10}6 #{c |}
Professio..  {c |}{col 14}{res}{space 2} .9680635{col 26}{space 2} .0062292{col 37}{space 1}  155.41{col 46}{space 3}0.000{col 54}{space 4} .9558544{col 67}{space 3} .9802726
{txt}{space 10}6 #{c |}
Pension/R..  {c |}{col 14}{res}{space 2} .9661362{col 26}{space 2} .0024863{col 37}{space 1}  388.59{col 46}{space 3}0.000{col 54}{space 4} .9612631{col 67}{space 3} .9710092
{txt}6#Others 11  {c |}{col 14}{res}{space 2} .9593138{col 26}{space 2} .0034125{col 37}{space 1}  281.12{col 46}{space 3}0.000{col 54}{space 4} .9526255{col 67}{space 3} .9660022
{txt}{space 10}7 #{c |}
Cultivati..  {c |}{col 14}{res}{space 2} .9634946{col 26}{space 2} .0023954{col 37}{space 1}  402.23{col 46}{space 3}0.000{col 54}{space 4} .9587997{col 67}{space 3} .9681895
{txt}{space 10}7 #{c |}
Allied ag 2  {c |}{col 14}{res}{space 2} .9747946{col 26}{space 2} .0033412{col 37}{space 1}  291.75{col 46}{space 3}0.000{col 54}{space 4} .9682459{col 67}{space 3} .9813433
{txt}{space 10}7 #{c |}
Ag wage l..  {c |}{col 14}{res}{space 2}  .952338{col 26}{space 2} .0033196{col 37}{space 1}  286.88{col 46}{space 3}0.000{col 54}{space 4} .9458317{col 67}{space 3} .9588443
{txt}{space 10}7 #{c |}
Non ag wa..  {c |}{col 14}{res}{space 2} .9655771{col 26}{space 2} .0022473{col 37}{space 1}  429.67{col 46}{space 3}0.000{col 54}{space 4} .9611725{col 67}{space 3} .9699817
{txt}{space 10}7 #{c |}
Artisan/I..  {c |}{col 14}{res}{space 2} .9768546{col 26}{space 2} .0024994{col 37}{space 1}  390.83{col 46}{space 3}0.000{col 54}{space 4} .9719558{col 67}{space 3} .9817534
{txt}{space 10}7 #{c |}
Petty sho..  {c |}{col 14}{res}{space 2}  .987055{col 26}{space 2} .0009515{col 37}{space 1} 1037.34{col 46}{space 3}0.000{col 54}{space 4} .9851901{col 67}{space 3}   .98892
{txt}{space 10}7 #{c |}
Organized..  {c |}{col 14}{res}{space 2} .9885538{col 26}{space 2}  .001742{col 37}{space 1}  567.49{col 46}{space 3}0.000{col 54}{space 4} .9851396{col 67}{space 3}  .991968
{txt}{space 10}7 #{c |}
{space 1}Salaried 8  {c |}{col 14}{res}{space 2} .9867007{col 26}{space 2} .0008614{col 37}{space 1} 1145.48{col 46}{space 3}0.000{col 54}{space 4} .9850124{col 67}{space 3} .9883889
{txt}{space 10}7 #{c |}
Professio..  {c |}{col 14}{res}{space 2} .9891907{col 26}{space 2} .0022207{col 37}{space 1}  445.45{col 46}{space 3}0.000{col 54}{space 4} .9848382{col 67}{space 3} .9935432
{txt}{space 10}7 #{c |}
Pension/R..  {c |}{col 14}{res}{space 2} .9885233{col 26}{space 2} .0010452{col 37}{space 1}  945.79{col 46}{space 3}0.000{col 54}{space 4} .9864748{col 67}{space 3} .9905718
{txt}7#Others 11  {c |}{col 14}{res}{space 2} .9861464{col 26}{space 2} .0014045{col 37}{space 1}  702.16{col 46}{space 3}0.000{col 54}{space 4} .9833938{col 67}{space 3} .9888991
{txt}{hline 13}{c BT}{hline 11}{hline 11}{hline 9}{hline 8}{hline 13}{hline 12}
{res}
{com}. marginsplot
{res}
{text}{p 0 0 2}Variables that uniquely identify margins: {bf:ln_hh_income hh_main_occupation}{p_end}
{res}
{com}. logistic house_type ln_hh_income i.hh_main_occupation
{res}
{txt}Logistic regression{col 56}{lalign 13:Number of obs}{col 69} = {res}{ralign 7:40,991}
{txt}{col 56}{lalign 13:LR chi2({res:11})}{col 69} = {res}{ralign 7:5489.55}
{txt}{col 56}{lalign 13:Prob > chi2}{col 69} = {res}{ralign 7:0.0000}
{txt}Log likelihood = {res:-21886.445}{col 56}{lalign 13:Pseudo R2}{col 69} = {res}{ralign 7:0.1114}

{txt}{hline 13}{c TT}{hline 11}{hline 11}{hline 9}{hline 8}{hline 13}{hline 12}
{col 1}  house_type{col 14}{c |} Odds ratio{col 26}   Std. err.{col 38}      z{col 46}   P>|z|{col 54}     [95% con{col 67}f. interval]
{hline 13}{c +}{hline 11}{hline 11}{hline 9}{hline 8}{hline 13}{hline 12}
ln_hh_income {c |}{col 14}{res}{space 2} 1.737534{col 26}{space 2} .0218982{col 37}{space 1}   43.84{col 46}{space 3}0.000{col 54}{space 4}  1.69514{col 67}{space 3} 1.780988
{txt}{space 12} {c |}
hh_main_oc~n {c |}
Allied ag 2  {c |}{col 14}{res}{space 2} 1.465302{col 26}{space 2} .1775122{col 37}{space 1}    3.15{col 46}{space 3}0.002{col 54}{space 4} 1.155605{col 67}{space 3} 1.857996
{txt}Ag wage l..  {c |}{col 14}{res}{space 2} .7570533{col 26}{space 2}    .0291{col 37}{space 1}   -7.24{col 46}{space 3}0.000{col 54}{space 4} .7021139{col 67}{space 3} .8162917
{txt}Non ag wa..  {c |}{col 14}{res}{space 2} 1.062788{col 26}{space 2}  .032711{col 37}{space 1}    1.98{col 46}{space 3}0.048{col 54}{space 4} 1.000571{col 67}{space 3} 1.128873
{txt}Artisan/I..  {c |}{col 14}{res}{space 2} 1.599088{col 26}{space 2} .1494645{col 37}{space 1}    5.02{col 46}{space 3}0.000{col 54}{space 4}  1.33141{col 67}{space 3} 1.920583
{txt}Petty sho..  {c |}{col 14}{res}{space 2} 2.888997{col 26}{space 2} .1358349{col 37}{space 1}   22.56{col 46}{space 3}0.000{col 54}{space 4} 2.634664{col 67}{space 3} 3.167881
{txt}Organized..  {c |}{col 14}{res}{space 2}  3.27225{col 26}{space 2} .4770328{col 37}{space 1}    8.13{col 46}{space 3}0.000{col 54}{space 4} 2.458993{col 67}{space 3} 4.354474
{txt}{space 1}Salaried 8  {c |}{col 14}{res}{space 2} 2.811013{col 26}{space 2} .1163654{col 37}{space 1}   24.97{col 46}{space 3}0.000{col 54}{space 4} 2.591948{col 67}{space 3} 3.048593
{txt}Professio..  {c |}{col 14}{res}{space 2} 3.467288{col 26}{space 2} .6903519{col 37}{space 1}    6.24{col 46}{space 3}0.000{col 54}{space 4} 2.346995{col 67}{space 3} 5.122333
{txt}Pension/R..  {c |}{col 14}{res}{space 2} 3.263446{col 26}{space 2} .2200739{col 37}{space 1}   17.54{col 46}{space 3}0.000{col 54}{space 4} 2.859399{col 67}{space 3} 3.724587
{txt}{space 2}Others 11  {c |}{col 14}{res}{space 2} 2.697042{col 26}{space 2} .2103969{col 37}{space 1}   12.72{col 46}{space 3}0.000{col 54}{space 4}  2.31465{col 67}{space 3} 3.142608
{txt}{space 12} {c |}
{space 7}_cons {c |}{col 14}{res}{space 2} .0038244{col 26}{space 2} .0005306{col 37}{space 1}  -40.12{col 46}{space 3}0.000{col 54}{space 4} .0029138{col 67}{space 3} .0050196
{txt}{hline 13}{c BT}{hline 11}{hline 11}{hline 9}{hline 8}{hline 13}{hline 12}
{p 0 6 2}Note: {bf:_cons} estimates baseline odds{txt}.{p_end}

{com}. log close
      {txt}name:  {res}<unnamed>
       {txt}log:  {res}C:\Users\Aakash\OneDrive\Desktop\Stata Lab record 2025\Task_4.smcl
  {txt}log type:  {res}smcl
 {txt}closed on:  {res} 9 Sep 2025, 10:55:45
{txt}{.-}
{smcl}
{txt}{sf}{ul off}